============================= test session starts ==============================
platform linux -- Python 3.12.12, pytest-9.0.2, pluggy-1.6.0
rootdir: /app
collected 6 items

tests/unit/test_caching.py ......                                        [100%]

============================== 6 passed in 0.40s ===============================
